---
source: tests/glob_submodule/mod.rs
expression: "&contents"
input_file: tests/inputs/hello.txt
---
"Contents of hello"
