---
source: tests/test_glob.rs
expression: "std::convert::identity"
input: "test_data/example.txt"
---
This is an example test input file.
This test just outputs the file unchanged.

