---
source: insta/tests/test_redaction.rs
expression: This is a custom debug expression for the snapshot
---
id: "[id]"
items:
  - one
  - two
  - three
metadata:
  count: 42
  version: 123
