---
source: insta/tests/test_redaction.rs
expression: "&vec![1, 2, 3]"
info:
  secret: sensitive_value
  public: visible
---
- 1
- 2
- 3
