---
source: insta/tests/test_basic.rs
expression: td
---
TestDisplay struct
