---
source: tests/test_basic.rs
expression: m
---
? - 1
  - 3
: 4
? - 1
  - 4
: 4
? - 2
  - 3
: 4
? - 3
  - 3
: 4
? - 9
  - 3
: 4

