---
source: insta/tests/test_basic.rs
expression: "\"whatever\""
---
whatever
