---
source: tests/test_basic.rs
expression: "vec![1, 2, 3, 4, 5]"
---
- 1
- 2
- 3
- 4
- 5
