---
source: insta/tests/test_advanced.rs
expression: "&value"
---
1
