---
source: insta/src/test.rs
expression: "\"Just a string\""
---
Just a string
