---
created: "2019-03-05T09:04:26.812351Z"
creator: insta@0.6.3
source: tests/test_basic.rs
expression: td
---
TestDisplay struct
