---
source: tests/test_inline.rs
assertion_line: 40
expression: "\"Testing-thread\""

---
Testing-thread
