---
source: tests/test_suffixes.rs
expression: "&value"
---
3
