---
source: tests/test_inline.rs
expression: "\"Testing\""
---
Testing
