---
source: tests/test_legacy.rs
expression: "vec![1, 2, 3, 4, 5]"
---
[
    1,
    2,
    3,
    4,
    5,
]
