---
created: "2019-03-05T09:00:05.725268Z"
creator: insta@0.6.3
source: tests/test_basic.rs
expression: "vec![1 , 2 , 3]"
---
[
  1,
  2,
  3
]
