---
source: tests/test_basic.rs
expression: expr
---
name
