---
created: "2019-05-29T14:53:37.492888Z"
creator: insta@0.8.1
source: tests/test_redaction.rs
expression: "Selector::parse(\".foo[\\\"bar\\\"]\").unwrap()"
---
Selector {
    selectors: [
        [
            Key(
                "foo",
            ),
            Key(
                "bar",
            ),
        ],
    ],
}
