---
source: tests/test_suffixes.rs
expression: "&contents"
input_file: tests/inputs/hello.txt
---
"Contents of hello"
