---
source: tests/test_bugs.rs
expression: "\"foo\\r\\nbar\\r\\nbaz\""
---
foo
bar
baz
