---
created: "2019-08-02T12:56:32.045665300Z"
creator: insta@0.9.0
source: tests/test_inline.rs
expression: "\"Testing-thread\""
---
Testing-thread
