---
source: src/runtime.rs
expression: "vec![1, 2, 3]"
---
- 1
- 2
- 3

